{smcl}
{com}{sf}{ul off}{txt}{.-}
      name:  {res}<unnamed>
       {txt}log:  {res}H:\stata\charls\output\analysis.smcl
  {txt}log type:  {res}smcl
 {txt}opened on:  {res} 4 Apr 2017, 13:21:20
{txt}
{com}. cd "$output" 
{res}H:\stata\charls\output
{txt}
{com}. use "analysis.dta", replace
{txt}
{com}. 
. * data management
. drop id ID inhome
{txt}
{com}. rename distanceborn birthDist
{res}{txt}
{com}. rename childincome childIncome
{res}{txt}
{com}. order householdID communityID birthOrder siblings totalFemale totalMale birthDist  ///
>           female highestEdu currentEdu childIncome urbanDad eduDad urbanMom eduMom year month
{txt}
{com}. replace communityID = substr(householdID, 1, 7)
{txt}(1,713 real changes made)

{com}. foreach v of varlist birthOrder-year {c -(}
{txt}  2{com}.         replace `v' = . if mi(`v')
{txt}  3{com}. {c )-}
{txt}(0 real changes made)
(0 real changes made)
(0 real changes made)
(0 real changes made)
(0 real changes made)
(43 real changes made, 43 to missing)
(94 real changes made, 94 to missing)
(32 real changes made, 32 to missing)
(3,817 real changes made, 3,817 to missing)
(0 real changes made)
(21 real changes made, 21 to missing)
(0 real changes made)
(36 real changes made, 36 to missing)
(892 real changes made, 892 to missing)

{com}. label values female lab_female 
{txt}
{com}. label define lab_female 0 "Male" 1 "Female", modify
{txt}
{com}. replace highestEdu = currentEdu if mi(highestEdu)
{txt}(1,089 real changes made)

{com}. label values highestEdu lab_highestEdu
{txt}
{com}. label define lab_highestEdu 0 "Illiterate" 1 "Not finish primary school" 2 "Finish primary school"  ///
>                                                         3 "Finish middle school" 4 "Finish high school" 5 "College or higher", modify
{txt}
{com}. label values childIncome lab_income
{txt}
{com}. label define lab_income 1 "0" 2 "<2k" 3 "2k-5k" 4 "5k-10k" 5 "10k-20k" 6 "20k-50k" ///
>                                                 7 "50k-100k" 8 "100k-150k" 9 "150k-200k" 10 "200k-300k" 11 ">300k"
{txt}
{com}. label values urbanDad lab_urbanDad
{txt}
{com}. label define lab_urbanDad 0 "Rural" 1 "Urban"
{txt}
{com}. label values eduDad lab_eduDad
{txt}
{com}. label define lab_eduDad 0 "Illiterate" 1 "Not finish primary school" 2 "Finish primary school"  ///
>                                                         3 "Finish middle school" 4 "Finish high school" 5 "College or higher", modify
{txt}
{com}. label values urbanMom lab_urbanMom
{txt}
{com}. label define lab_urbanMom 0 "Rural" 1 "Urban"
{txt}
{com}. label values eduMom lab_eduMom
{txt}
{com}. label define lab_eduMom 0 "Illiterate" 1 "Not finish primary school" 2 "Finish primary school"  ///
>                                                         3 "Finish middle school" 4 "Finish high school" 5 "College or higher", modify
{txt}
{com}. keep if year >= 1965 & year <= 1990
{txt}(7,610 observations deleted)

{com}. keep if birthDist >=-20 & birthDist <= 20
{txt}(94 observations deleted)

{com}. drop if mi(female)|mi(highestEdu)
{txt}(124 observations deleted)

{com}. drop currentEdu month
{txt}
{com}. foreach v of varlist birthOrder-year {c -(}
{txt}  2{com}.         tab `v', mi
{txt}  3{com}. {c )-}

 {txt}birthOrder {c |}      Freq.     Percent        Cum.
{hline 12}{c +}{hline 35}
          1 {c |}{res}      6,458       34.48       34.48
{txt}          2 {c |}{res}      5,588       29.84       64.32
{txt}          3 {c |}{res}      3,390       18.10       82.42
{txt}          4 {c |}{res}      1,852        9.89       92.31
{txt}          5 {c |}{res}        902        4.82       97.12
{txt}          6 {c |}{res}        366        1.95       99.08
{txt}          7 {c |}{res}        129        0.69       99.77
{txt}          8 {c |}{res}         34        0.18       99.95
{txt}          9 {c |}{res}          8        0.04       99.99
{txt}         10 {c |}{res}          2        0.01      100.00
{txt}{hline 12}{c +}{hline 35}
      Total {c |}{res}     18,729      100.00

   {txt}siblings {c |}      Freq.     Percent        Cum.
{hline 12}{c +}{hline 35}
          1 {c |}{res}        923        4.93        4.93
{txt}          2 {c |}{res}      4,853       25.91       30.84
{txt}          3 {c |}{res}      5,180       27.66       58.50
{txt}          4 {c |}{res}      3,762       20.09       78.58
{txt}          5 {c |}{res}      2,286       12.21       90.79
{txt}          6 {c |}{res}      1,024        5.47       96.26
{txt}          7 {c |}{res}        459        2.45       98.71
{txt}          8 {c |}{res}        161        0.86       99.57
{txt}          9 {c |}{res}         64        0.34       99.91
{txt}         10 {c |}{res}         16        0.09       99.99
{txt}         14 {c |}{res}          1        0.01      100.00
{txt}{hline 12}{c +}{hline 35}
      Total {c |}{res}     18,729      100.00

{txt}totalFemale {c |}      Freq.     Percent        Cum.
{hline 12}{c +}{hline 35}
          0 {c |}{res}      3,756       20.05       20.05
{txt}          1 {c |}{res}      6,806       36.34       56.39
{txt}          2 {c |}{res}      4,573       24.42       80.81
{txt}          3 {c |}{res}      2,275       12.15       92.96
{txt}          4 {c |}{res}        918        4.90       97.86
{txt}          5 {c |}{res}        317        1.69       99.55
{txt}          6 {c |}{res}         56        0.30       99.85
{txt}          7 {c |}{res}         28        0.15      100.00
{txt}{hline 12}{c +}{hline 35}
      Total {c |}{res}     18,729      100.00

  {txt}totalMale {c |}      Freq.     Percent        Cum.
{hline 12}{c +}{hline 35}
          1 {c |}{res}      7,969       42.55       42.55
{txt}          2 {c |}{res}      6,593       35.20       77.75
{txt}          3 {c |}{res}      2,807       14.99       92.74
{txt}          4 {c |}{res}      1,022        5.46       98.20
{txt}          5 {c |}{res}        236        1.26       99.46
{txt}          6 {c |}{res}         83        0.44       99.90
{txt}          7 {c |}{res}         18        0.10       99.99
{txt}          8 {c |}{res}          1        0.01      100.00
{txt}{hline 12}{c +}{hline 35}
      Total {c |}{res}     18,729      100.00

  {txt}birthDist {c |}      Freq.     Percent        Cum.
{hline 12}{c +}{hline 35}
        -20 {c |}{res}          5        0.03        0.03
{txt}        -19 {c |}{res}          7        0.04        0.06
{txt}        -18 {c |}{res}          9        0.05        0.11
{txt}        -17 {c |}{res}          6        0.03        0.14
{txt}        -16 {c |}{res}         16        0.09        0.23
{txt}        -15 {c |}{res}         13        0.07        0.30
{txt}        -14 {c |}{res}         30        0.16        0.46
{txt}        -13 {c |}{res}         30        0.16        0.62
{txt}        -12 {c |}{res}         56        0.30        0.92
{txt}        -11 {c |}{res}         57        0.30        1.22
{txt}        -10 {c |}{res}         70        0.37        1.60
{txt}         -9 {c |}{res}         90        0.48        2.08
{txt}         -8 {c |}{res}        155        0.83        2.90
{txt}         -7 {c |}{res}        216        1.15        4.06
{txt}         -6 {c |}{res}        267        1.43        5.48
{txt}         -5 {c |}{res}        345        1.84        7.33
{txt}         -4 {c |}{res}        506        2.70       10.03
{txt}         -3 {c |}{res}        766        4.09       14.12
{txt}         -2 {c |}{res}      1,014        5.41       19.53
{txt}         -1 {c |}{res}        408        2.18       21.71
{txt}          0 {c |}{res}      7,206       38.48       60.18
{txt}          1 {c |}{res}        625        3.34       63.52
{txt}          2 {c |}{res}      2,026       10.82       74.34
{txt}          3 {c |}{res}      1,512        8.07       82.41
{txt}          4 {c |}{res}        872        4.66       87.07
{txt}          5 {c |}{res}        658        3.51       90.58
{txt}          6 {c |}{res}        481        2.57       93.15
{txt}          7 {c |}{res}        329        1.76       94.91
{txt}          8 {c |}{res}        227        1.21       96.12
{txt}          9 {c |}{res}        196        1.05       97.16
{txt}         10 {c |}{res}        147        0.78       97.95
{txt}         11 {c |}{res}         81        0.43       98.38
{txt}         12 {c |}{res}         73        0.39       98.77
{txt}         13 {c |}{res}         57        0.30       99.08
{txt}         14 {c |}{res}         71        0.38       99.46
{txt}         15 {c |}{res}         30        0.16       99.62
{txt}         16 {c |}{res}         29        0.15       99.77
{txt}         17 {c |}{res}         18        0.10       99.87
{txt}         18 {c |}{res}         11        0.06       99.93
{txt}         19 {c |}{res}          8        0.04       99.97
{txt}         20 {c |}{res}          6        0.03      100.00
{txt}{hline 12}{c +}{hline 35}
      Total {c |}{res}     18,729      100.00

     {txt}female {c |}      Freq.     Percent        Cum.
{hline 12}{c +}{hline 35}
       Male {c |}{res}     11,162       59.60       59.60
{txt}     Female {c |}{res}      7,567       40.40      100.00
{txt}{hline 12}{c +}{hline 35}
      Total {c |}{res}     18,729      100.00

                {txt}RECODE of {c |}
         highesteducation {c |}      Freq.     Percent        Cum.
{hline 26}{c +}{hline 35}
               Illiterate {c |}{res}        915        4.89        4.89
{txt}Not finish primary school {c |}{res}      1,810        9.66       14.55
{txt}    Finish primary school {c |}{res}      4,440       23.71       38.26
{txt}     Finish middle school {c |}{res}      6,781       36.21       74.46
{txt}       Finish high school {c |}{res}      1,348        7.20       81.66
{txt}        College or higher {c |}{res}      3,435       18.34      100.00
{txt}{hline 26}{c +}{hline 35}
                    Total {c |}{res}     18,729      100.00

{txt}childIncome {c |}      Freq.     Percent        Cum.
{hline 12}{c +}{hline 35}
          0 {c |}{res}        405        2.16        2.16
{txt}        <2k {c |}{res}        208        1.11        3.27
{txt}      2k-5k {c |}{res}        607        3.24        6.51
{txt}     5k-10k {c |}{res}      1,392        7.43       13.95
{txt}    10k-20k {c |}{res}      3,711       19.81       33.76
{txt}    20k-50k {c |}{res}      3,547       18.94       52.70
{txt}   50k-100k {c |}{res}        731        3.90       56.60
{txt}  100k-150k {c |}{res}        181        0.97       57.57
{txt}  150k-200k {c |}{res}         35        0.19       57.76
{txt}  200k-300k {c |}{res}         23        0.12       57.88
{txt}      >300k {c |}{res}         31        0.17       58.04
{txt}          . {c |}{res}      7,858       41.96      100.00
{txt}{hline 12}{c +}{hline 35}
      Total {c |}{res}     18,729      100.00

    {txt}0 urban {c |}      Freq.     Percent        Cum.
{hline 12}{c +}{hline 35}
      Rural {c |}{res}     12,652       67.55       67.55
{txt}      Urban {c |}{res}      2,991       15.97       83.52
{txt}          . {c |}{res}      3,086       16.48      100.00
{txt}{hline 12}{c +}{hline 35}
      Total {c |}{res}     18,729      100.00

                    {txt}0 edu {c |}      Freq.     Percent        Cum.
{hline 26}{c +}{hline 35}
               Illiterate {c |}{res}      2,222       11.86       11.86
{txt}Not finish primary school {c |}{res}      3,183       17.00       28.86
{txt}    Finish primary school {c |}{res}      4,412       23.56       52.42
{txt}     Finish middle school {c |}{res}      3,709       19.80       72.22
{txt}       Finish high school {c |}{res}      1,262        6.74       78.96
{txt}        College or higher {c |}{res}        831        4.44       83.39
{txt}                        . {c |}{res}      3,110       16.61      100.00
{txt}{hline 26}{c +}{hline 35}
                    Total {c |}{res}     18,729      100.00

    {txt}1 urban {c |}      Freq.     Percent        Cum.
{hline 12}{c +}{hline 35}
      Rural {c |}{res}     14,119       75.39       75.39
{txt}      Urban {c |}{res}      3,261       17.41       92.80
{txt}          . {c |}{res}      1,349        7.20      100.00
{txt}{hline 12}{c +}{hline 35}
      Total {c |}{res}     18,729      100.00

                    {txt}1 edu {c |}      Freq.     Percent        Cum.
{hline 26}{c +}{hline 35}
               Illiterate {c |}{res}      8,082       43.15       43.15
{txt}Not finish primary school {c |}{res}      3,259       17.40       60.55
{txt}    Finish primary school {c |}{res}      2,992       15.98       76.53
{txt}     Finish middle school {c |}{res}      2,124       11.34       87.87
{txt}       Finish high school {c |}{res}        640        3.42       91.29
{txt}        College or higher {c |}{res}        255        1.36       92.65
{txt}                        . {c |}{res}      1,377        7.35      100.00
{txt}{hline 26}{c +}{hline 35}
                    Total {c |}{res}     18,729      100.00

       {txt}year {c |}      Freq.     Percent        Cum.
{hline 12}{c +}{hline 35}
       1965 {c |}{res}        492        2.63        2.63
{txt}       1966 {c |}{res}        584        3.12        5.75
{txt}       1967 {c |}{res}        545        2.91        8.66
{txt}       1968 {c |}{res}        686        3.66       12.32
{txt}       1969 {c |}{res}        687        3.67       15.99
{txt}       1970 {c |}{res}        795        4.24       20.23
{txt}       1971 {c |}{res}        893        4.77       25.00
{txt}       1972 {c |}{res}        788        4.21       29.21
{txt}       1973 {c |}{res}        807        4.31       33.51
{txt}       1974 {c |}{res}        908        4.85       38.36
{txt}       1975 {c |}{res}        774        4.13       42.50
{txt}       1976 {c |}{res}        785        4.19       46.69
{txt}       1977 {c |}{res}        731        3.90       50.59
{txt}       1978 {c |}{res}        774        4.13       54.72
{txt}       1979 {c |}{res}        797        4.26       58.98
{txt}       1980 {c |}{res}        681        3.64       62.61
{txt}       1981 {c |}{res}        732        3.91       66.52
{txt}       1982 {c |}{res}        826        4.41       70.93
{txt}       1983 {c |}{res}        682        3.64       74.57
{txt}       1984 {c |}{res}        704        3.76       78.33
{txt}       1985 {c |}{res}        686        3.66       82.00
{txt}       1986 {c |}{res}        733        3.91       85.91
{txt}       1987 {c |}{res}        810        4.32       90.23
{txt}       1988 {c |}{res}        698        3.73       93.96
{txt}       1989 {c |}{res}        617        3.29       97.26
{txt}       1990 {c |}{res}        514        2.74      100.00
{txt}{hline 12}{c +}{hline 35}
      Total {c |}{res}     18,729      100.00
{txt}
{com}. 
{txt}end of do-file

{com}. do "C:\Users\zhangh52\AppData\Local\Temp\STD00000000.tmp"
{txt}
{com}. preserve        
{txt}
{com}.         collapse highestEdu, by(year female)
{txt}
{com}.         twoway (scatter highestEdu year if female == 0, lcolor("93 188 210") mcolor("93 188 210") msymbol(s) connect(1)) ///
>                         (scatter highestEdu year if female == 1, lcolor("139 0 18") mcolor("139 0 18") msymbol(t) connect(1)),  ///
>                         ytitle("Mean Education Level") xtitle("Birth Year") graphregion(color(white)) ///
>                         ylabel(1.5(0.5)3.5) ymtick(##1) xmtick(##5) ///
>                         legend(label(1 "Male") label(2 "Female") region(lcolor(white))) scheme(s1)  
{txt}(note: scheme s1 not found, using s2color)
{p 0 4 2}
{txt}(note:  named style
1 not found in class
connectstyle,  default attributes used)
{p_end}
{p 0 4 2}
{txt}(note:  named style
1 not found in class
connectstyle,  default attributes used)
{p_end}
{res}{txt}
{com}.         graph export "meanEdu.pdf", replace             
{txt}(file meanEdu.pdf written in PDF format)

{com}. restore
{txt}
{com}. 
{txt}end of do-file

{com}. des

{txt}Contains data from {res}analysis.dta
{txt}  obs:{res}        18,729                          
{txt} vars:{res}            15                          4 Apr 2017 11:22
{txt} size:{res}     1,011,366                          
{txt}{hline}
              storage   display    value
variable name   type    format     label      variable label
{hline}
{p 0 48}{res}{bind:householdID    }{txt}{bind: str9    }{bind:{txt}%9s       }{space 1}{bind:         }{bind:  }{res}{res}Household ID{p_end}
{p 0 48}{bind:communityID    }{txt}{bind: str7    }{bind:{txt}%9s       }{space 1}{bind:         }{bind:  }{res}{res}Community ID{p_end}
{p 0 48}{bind:birthOrder     }{txt}{bind: float   }{bind:{txt}%9.0g     }{space 1}{bind:         }{bind:  }{res}{res}{p_end}
{p 0 48}{bind:siblings       }{txt}{bind: float   }{bind:{txt}%9.0g     }{space 1}{bind:         }{bind:  }{res}{res}{p_end}
{p 0 48}{bind:totalFemale    }{txt}{bind: float   }{bind:{txt}%9.0g     }{space 1}{bind:         }{bind:  }{res}{res}{p_end}
{p 0 48}{bind:totalMale      }{txt}{bind: float   }{bind:{txt}%9.0g     }{space 1}{bind:         }{bind:  }{res}{res}{p_end}
{p 0 48}{bind:birthDist      }{txt}{bind: float   }{bind:{txt}%9.0g     }{space 1}{bind:         }{bind:  }{res}{res}{p_end}
{p 0 48}{bind:female         }{txt}{bind: byte    }{bind:{txt}%6.0f     }{space 1}{txt}lab_female{p_end}
{p 0 48}{space 44}{bind:  }{res}{res}{p_end}
{p 0 48}{bind:highestEdu     }{txt}{bind: byte    }{bind:{txt}%25.0g    }{space 1}{txt}lab_highestEdu{p_end}
{p 0 48}{space 44}{bind:  }{res}{res}RECODE of highesteducation{p_end}
{p 0 48}{bind:childIncome    }{txt}{bind: float   }{bind:{txt}%9.0g     }{space 1}{txt}lab_income{p_end}
{p 0 48}{space 44}{bind:  }{res}{res}{p_end}
{p 0 48}{bind:urbanDad       }{txt}{bind: float   }{bind:{txt}%9.0g     }{space 1}{txt}lab_urbanDad{p_end}
{p 0 48}{space 44}{bind:  }{res}{res}0 urban{p_end}
{p 0 48}{bind:eduDad         }{txt}{bind: byte    }{bind:{txt}%25.0g    }{space 1}{txt}lab_eduDad{p_end}
{p 0 48}{space 44}{bind:  }{res}{res}0 edu{p_end}
{p 0 48}{bind:urbanMom       }{txt}{bind: float   }{bind:{txt}%9.0g     }{space 1}{txt}lab_urbanMom{p_end}
{p 0 48}{space 44}{bind:  }{res}{res}1 urban{p_end}
{p 0 48}{bind:eduMom         }{txt}{bind: byte    }{bind:{txt}%25.0g    }{space 1}{txt}lab_eduMom{p_end}
{p 0 48}{space 44}{bind:  }{res}{res}1 edu{p_end}
{p 0 48}{bind:year           }{txt}{bind: int     }{bind:{txt}%4.0f     }{space 1}{bind:         }{bind:  }{res}{res}{p_end}
{txt}{hline}
Sorted by: {res}householdID
     Note: Dataset has changed since last saved.

{com}. sum siblings

{txt}    Variable {c |}        Obs        Mean    Std. Dev.       Min        Max
{hline 13}{c +}{hline 57}
{space 4}siblings {c |}{res}     18,729    3.419403    1.496661          1         14

{com}. do "C:\Users\zhangh52\AppData\Local\Temp\STD00000000.tmp"
{txt}
{com}. preserve        
{txt}
{com}.         collapse highestEdu, by(year female)
{txt}
{com}.         twoway (scatter highestEdu year if female == 0, lcolor("93 188 210") mcolor("93 188 210") msymbol(s) connect(1)) ///
>                         (scatter highestEdu year if female == 1, lcolor("139 0 18") mcolor("139 0 18") msymbol(t) connect(1)),  ///
>                         ytitle("Mean Education Level") xtitle("Birth Year") graphregion(color(white)) ///
>                         ylabel(1.5(0.5)4.5) ymtick(##1) xmtick(##5) ///
>                         legend(label(1 "Male") label(2 "Female") region(lcolor(white))) scheme(s1)  
{txt}(note: scheme s1 not found, using s2color)
{p 0 4 2}
{txt}(note:  named style
1 not found in class
connectstyle,  default attributes used)
{p_end}
{p 0 4 2}
{txt}(note:  named style
1 not found in class
connectstyle,  default attributes used)
{p_end}
{res}{txt}
{com}.         graph export "meanEdu.pdf", replace             
{txt}(file meanEdu.pdf written in PDF format)

{com}. restore
{txt}
{com}. 
{txt}end of do-file

{com}. do "C:\Users\zhangh52\AppData\Local\Temp\STD00000000.tmp"
{txt}
{com}. preserve        
{txt}
{com}.         collapse highestEdu, by(year female)
{txt}
{com}.         twoway (scatter highestEdu year if female == 0, lcolor("93 188 210") mcolor("93 188 210") msymbol(s) connect(1)) ///
>                         (scatter highestEdu year if female == 1, lcolor("139 0 18") mcolor("139 0 18") msymbol(t) connect(1)),  ///
>                         ytitle("Mean Education Level") xtitle("Birth Year") graphregion(color(white)) ///
>                         ylabel(2(0.5)4) ymtick(##1) xmtick(##5) ///
>                         legend(label(1 "Male") label(2 "Female") region(lcolor(white))) scheme(s1)  
{txt}(note: scheme s1 not found, using s2color)
{p 0 4 2}
{txt}(note:  named style
1 not found in class
connectstyle,  default attributes used)
{p_end}
{p 0 4 2}
{txt}(note:  named style
1 not found in class
connectstyle,  default attributes used)
{p_end}
{res}{txt}
{com}.         graph export "meanEdu.pdf", replace             
{txt}(file meanEdu.pdf written in PDF format)

{com}. restore
{txt}
{com}. 
{txt}end of do-file

{com}. do "C:\Users\zhangh52\AppData\Local\Temp\STD00000000.tmp"
{txt}
{com}. preserve        
{txt}
{com}.         collapse highestEdu, by(year female)
{txt}
{com}.         twoway (scatter highestEdu year if female == 0, lcolor("93 188 210") mcolor("93 188 210") msymbol(s) connect(1)) ///
>                         (scatter highestEdu year if female == 1, lcolor("139 0 18") mcolor("139 0 18") msymbol(t) connect(1)),  ///
>                         ytitle("Mean Education Level") xtitle("Birth Year") graphregion(color(white)) ///
>                         ylabel(2(1)4) ymtick(##2) xmtick(##5) ///
>                         legend(label(1 "Male") label(2 "Female") region(lcolor(white))) scheme(s1)  
{txt}(note: scheme s1 not found, using s2color)
{p 0 4 2}
{txt}(note:  named style
1 not found in class
connectstyle,  default attributes used)
{p_end}
{p 0 4 2}
{txt}(note:  named style
1 not found in class
connectstyle,  default attributes used)
{p_end}
{res}{txt}
{com}.         graph export "meanEdu.pdf", replace             
{txt}(file meanEdu.pdf written in PDF format)

{com}. restore
{txt}
{com}. 
{txt}end of do-file

{com}. 